SRFM native build log
Timestamp: 2026-09-17T16:26:36.537165
Python: 3.13.14
fflags: -O3 -g -Wall
backend: meson

$ /home/k/knizek/miniforge3/envs/my_general/bin/python -m numpy.f2py -c -m rfm_py /home/k/knizek/Documents/srfm_main/src/srfm/RFM/rfm_wrapper.pyf /home/k/knizek/Documents/srfm_main/src/srfm/RFM/source/combined.f90 --backend meson
getctype: "integer(kind=i4)" is mapped to C "int" (to override define dict(integer = dict(i4="<C typespec>")) in /home/k/knizek/Documents/srfm_main/src/srfm/RFM/.f2py_f2cmap file).
getctype: "integer(kind=i4)" is mapped to C "int" (to override define dict(integer = dict(i4="<C typespec>")) in /home/k/knizek/Documents/srfm_main/src/srfm/RFM/.f2py_f2cmap file).
getctype: "integer(kind=i4)" is mapped to C "int" (to override define dict(integer = dict(i4="<C typespec>")) in /home/k/knizek/Documents/srfm_main/src/srfm/RFM/.f2py_f2cmap file).
getstrlength: expected a signature of a string but got: {'typespec': 'character', 'charselector': {'*': '200'}, 'attrspec': ['optional'], 'intent': ['in'], 'dimension': ['f2py_driver_lines_d0']}
getctype: "integer(kind=i4)" is mapped to C "int" (to override define dict(integer = dict(i4="<C typespec>")) in /home/k/knizek/Documents/srfm_main/src/srfm/RFM/.f2py_f2cmap file).
getctype: "integer(kind=i4)" is mapped to C "int" (to override define dict(integer = dict(i4="<C typespec>")) in /home/k/knizek/Documents/srfm_main/src/srfm/RFM/.f2py_f2cmap file).
getctype: "integer(kind=i4)" is mapped to C "int" (to override define dict(integer = dict(i4="<C typespec>")) in /home/k/knizek/Documents/srfm_main/src/srfm/RFM/.f2py_f2cmap file).
getctype: "integer(kind=i4)" is mapped to C "int" (to override define dict(integer = dict(i4="<C typespec>")) in /home/k/knizek/Documents/srfm_main/src/srfm/RFM/.f2py_f2cmap file).
getctype: "integer(kind=i4)" is mapped to C "int" (to override define dict(integer = dict(i4="<C typespec>")) in /home/k/knizek/Documents/srfm_main/src/srfm/RFM/.f2py_f2cmap file).
getctype: "integer(kind=i4)" is mapped to C "int" (to override define dict(integer = dict(i4="<C typespec>")) in /home/k/knizek/Documents/srfm_main/src/srfm/RFM/.f2py_f2cmap file).
getctype: "integer(kind=i4)" is mapped to C "int" (to override define dict(integer = dict(i4="<C typespec>")) in /home/k/knizek/Documents/srfm_main/src/srfm/RFM/.f2py_f2cmap file).
getctype: "integer(kind=i4)" is mapped to C "int" (to override define dict(integer = dict(i4="<C typespec>")) in /home/k/knizek/Documents/srfm_main/src/srfm/RFM/.f2py_f2cmap file).
getctype: "integer(kind=i4)" is mapped to C "int" (to override define dict(integer = dict(i4="<C typespec>")) in /home/k/knizek/Documents/srfm_main/src/srfm/RFM/.f2py_f2cmap file).
getctype: "integer(kind=i4)" is mapped to C "int" (to override define dict(integer = dict(i4="<C typespec>")) in /home/k/knizek/Documents/srfm_main/src/srfm/RFM/.f2py_f2cmap file).
getctype: "integer(kind=i4)" is mapped to C "int" (to override define dict(integer = dict(i4="<C typespec>")) in /home/k/knizek/Documents/srfm_main/src/srfm/RFM/.f2py_f2cmap file).
getctype: "integer(kind=i4)" is mapped to C "int" (to override define dict(integer = dict(i4="<C typespec>")) in /home/k/knizek/Documents/srfm_main/src/srfm/RFM/.f2py_f2cmap file).
getctype: "integer(kind=i4)" is mapped to C "int" (to override define dict(integer = dict(i4="<C typespec>")) in /home/k/knizek/Documents/srfm_main/src/srfm/RFM/.f2py_f2cmap file).
getctype: "integer(kind=i4)" is mapped to C "int" (to override define dict(integer = dict(i4="<C typespec>")) in /home/k/knizek/Documents/srfm_main/src/srfm/RFM/.f2py_f2cmap file).
getctype: "integer(kind=i4)" is mapped to C "int" (to override define dict(integer = dict(i4="<C typespec>")) in /home/k/knizek/Documents/srfm_main/src/srfm/RFM/.f2py_f2cmap file).
getctype: "integer(kind=i4)" is mapped to C "int" (to override define dict(integer = dict(i4="<C typespec>")) in /home/k/knizek/Documents/srfm_main/src/srfm/RFM/.f2py_f2cmap file).
getctype: "integer(kind=i4)" is mapped to C "int" (to override define dict(integer = dict(i4="<C typespec>")) in /home/k/knizek/Documents/srfm_main/src/srfm/RFM/.f2py_f2cmap file).
getctype: "integer(kind=i4)" is mapped to C "int" (to override define dict(integer = dict(i4="<C typespec>")) in /home/k/knizek/Documents/srfm_main/src/srfm/RFM/.f2py_f2cmap file).
getctype: "integer(kind=i4)" is mapped to C "int" (to override define dict(integer = dict(i4="<C typespec>")) in /home/k/knizek/Documents/srfm_main/src/srfm/RFM/.f2py_f2cmap file).
getctype: "integer(kind=i4)" is mapped to C "int" (to override define dict(integer = dict(i4="<C typespec>")) in /home/k/knizek/Documents/srfm_main/src/srfm/RFM/.f2py_f2cmap file).
getctype: "integer(kind=i4)" is mapped to C "int" (to override define dict(integer = dict(i4="<C typespec>")) in /home/k/knizek/Documents/srfm_main/src/srfm/RFM/.f2py_f2cmap file).
getctype: "integer(kind=i4)" is mapped to C "int" (to override define dict(integer = dict(i4="<C typespec>")) in /home/k/knizek/Documents/srfm_main/src/srfm/RFM/.f2py_f2cmap file).
getctype: "integer(kind=i4)" is mapped to C "int" (to override define dict(integer = dict(i4="<C typespec>")) in /home/k/knizek/Documents/srfm_main/src/srfm/RFM/.f2py_f2cmap file).
getctype: "integer(kind=i4)" is mapped to C "int" (to override define dict(integer = dict(i4="<C typespec>")) in /home/k/knizek/Documents/srfm_main/src/srfm/RFM/.f2py_f2cmap file).
The Meson build system
Version: 1.11.2
Source dir: /tmp/tmp6o8q8_sy
Build dir: /tmp/tmp6o8q8_sy/bbdir
Build type: native build
Project name: rfm_py
Project version: 0.1
Fortran compiler for the host machine: gfortran (gcc 15.2.0 "GNU Fortran (conda-forge gcc 15.2.0-19) 15.2.0")
Fortran linker for the host machine: gfortran ld.bfd 2.45.1
C compiler for the host machine: cc (gcc 15.2.0 "cc (conda-forge gcc 15.2.0-19) 15.2.0")
C linker for the host machine: cc ld.bfd 2.45.1
Host machine cpu family: x86_64
Host machine cpu: x86_64
Compiler for C supports arguments -fno-strict-aliasing: YES 
Program /home/k/knizek/miniforge3/envs/my_general/bin/python found: YES (/home/k/knizek/miniforge3/envs/my_general/bin/python)
Found pkg-config: YES (/usr/bin/pkg-config) 1.8.1
Run-time dependency python found: YES 3.13
Library quadmath found: YES
Build targets in project: 1

Found ninja-1.13.2 at /home/k/knizek/miniforge3/envs/my_general/bin/ninja
ninja: Entering directory `/tmp/tmp6o8q8_sy/bbdir'
[1/8] Scanning target rfm_py.cpython-313-x86_64-linux-gnu for modules
[2/8] Generating dynamic dependency information for target rfm_py.cpython-313-x86_64-linux-gnu
[3/8] Compiling Fortran object rfm_py.cpython-313-x86_64-linux-gnu.so.p/rfm_py-f2pywrappers.f.o
[4/8] Compiling C object rfm_py.cpython-313-x86_64-linux-gnu.so.p/rfm_pymodule.c.o
../rfm_pymodule.c: In function 'f2py_rout_rfm_py_rfm_run':
../rfm_pymodule.c:433:5: warning: this 'if' clause does not guard... [-Wmisleading-indentation]
  433 |     if (enable_capture_capi != Py_None)
      |     ^~
../rfm_pymodule.c:435:9: note: ...this statement, but the latter is misleadingly indented as if it were guarded by the 'if'
  435 |         f2py_success = 1;
      |         ^~~~~~~~~~~~
In function 'string_from_pyobj',
    inlined from 'f2py_rout_rfm_py_rfm_run' at ../rfm_pymodule.c:414:20:
../rfm_pymodule.c:195:15: warning: 'strncpy' destination unchanged after copying no bytes [-Wstringop-truncation]
  195 |         (void)strncpy(_to, _from, _m);             \
      |               ^~~~~~~~~~~~~~~~~~~~~~~
../rfm_pymodule.c:284:5: note: in expansion of macro 'STRINGCOPYN'
  284 |     STRINGCOPYN(*str, buf, n);
      |     ^~~~~~~~~~~
[5/8] Compiling C object rfm_py.cpython-313-x86_64-linux-gnu.so.p/c13a65332d26e643cc6b56c011e31a03a7b674b8_.._.._f2py_src_fortranobject.c.o
[6/8] Compiling Fortran object rfm_py.cpython-313-x86_64-linux-gnu.so.p/combined.f90.o
../combined.f90:21422:8:

21422 |     USE ATMCOM_DAT, ONLY: HGTATM, PREATM, TEMATM
      |        1
Warning: Unused module variable 'hgtatm' which has been explicitly imported at (1) [-Wunused-variable]
../combined.f90:3213:30:

 3213 |     LOGICAL,  ALLOCATABLE :: L2DSAV(:,:)   ! Saved value of 2D logical arrays
      |                              ^~~~~~~~~~~
Warning: 'l2dsav.offset' may be used uninitialized [-Wmaybe-uninitialized]
../combined.f90:3213:30: Warning: 'l2dsav.dim[0].lbound' may be used uninitialized [-Wmaybe-uninitialized]
../combined.f90:3213:30: Warning: 'l2dsav.dim[0].ubound' may be used uninitialized [-Wmaybe-uninitialized]
../combined.f90:3213:30: Warning: 'l2dsav.dim[1].stride' may be used uninitialized [-Wmaybe-uninitialized]
../combined.f90:3213:30: Warning: 'l2dsav.dim[1].lbound' may be used uninitialized [-Wmaybe-uninitialized]
../combined.f90:3214:30:

 3214 |     REAL(R4), ALLOCATABLE :: R2DSAV(:,:)   ! Saved value of 2D real arrays
      |                              ^~~~~~~~~~~
Warning: 'r2dsav.offset' may be used uninitialized [-Wmaybe-uninitialized]
../combined.f90:3214:30: Warning: 'r2dsav.dim[0].lbound' may be used uninitialized [-Wmaybe-uninitialized]
../combined.f90:3214:30: Warning: 'r2dsav.dim[0].ubound' may be used uninitialized [-Wmaybe-uninitialized]
../combined.f90:3214:30: Warning: 'r2dsav.dim[1].stride' may be used uninitialized [-Wmaybe-uninitialized]
../combined.f90:3214:30: Warning: 'r2dsav.dim[1].lbound' may be used uninitialized [-Wmaybe-uninitialized]
../combined.f90:3215:30:

 3215 |     REAL(R4), ALLOCATABLE :: R3DSAV(:,:,:) ! Saved value of 3D real arrays
      |                              ^~~~~~~~~~~~~
Warning: 'r3dsav.offset' may be used uninitialized [-Wmaybe-uninitialized]
../combined.f90:3215:30: Warning: 'r3dsav.dim[0].lbound' may be used uninitialized [-Wmaybe-uninitialized]
../combined.f90:3215:30: Warning: 'r3dsav.dim[0].ubound' may be used uninitialized [-Wmaybe-uninitialized]
../combined.f90:3215:30: Warning: 'r3dsav.dim[1].stride' may be used uninitialized [-Wmaybe-uninitialized]
../combined.f90:3215:30: Warning: 'r3dsav.dim[1].lbound' may be used uninitialized [-Wmaybe-uninitialized]
../combined.f90:3215:30: Warning: 'r3dsav.dim[1].ubound' may be used uninitialized [-Wmaybe-uninitialized]
../combined.f90:3215:30: Warning: 'r3dsav.dim[2].stride' may be used uninitialized [-Wmaybe-uninitialized]
../combined.f90:3215:30: Warning: 'r3dsav.dim[2].lbound' may be used uninitialized [-Wmaybe-uninitialized]
../combined.f90:11427:21:

11427 | END FUNCTION IDXARR_L
      |                     ^
Warning: '__result_idxarr_l' may be used uninitialized [-Wmaybe-uninitialized]
../combined.f90:11399:0:

11399 | PURE FUNCTION IDXARR_L ( XARR, X )
note: '__result_idxarr_l' was declared here
../combined.f90:11397:21:

11397 | END FUNCTION IDXARR_I
      |                     ^
Warning: '__result_idxarr_i' may be used uninitialized [-Wmaybe-uninitialized]
../combined.f90:11369:0:

11369 | PURE FUNCTION IDXARR_I ( XARR, X )
note: '__result_idxarr_i' was declared here
../combined.f90:11367:21:

11367 | END FUNCTION IDXARR_C
      |                     ^
Warning: '__result_idxarr_c' may be used uninitialized [-Wmaybe-uninitialized]
../combined.f90:11339:0:

11339 | PURE FUNCTION IDXARR_C ( XARR, X )
note: '__result_idxarr_c' was declared here
../combined.f90:16725:34:

16725 |     TYPE(QALTYP), ALLOCATABLE :: QALSAV(:) ! Saved QAL during reallocation
      |                                  ^~~~~~~~~
Warning: 'qalsav.dim[0].lbound' may be used uninitialized [-Wmaybe-uninitialized]
../combined.f90:16725:34: Warning: 'qalsav.offset' may be used uninitialized [-Wmaybe-uninitialized]
../combined.f90:16853:34:

16853 |     REAL(R4),     ALLOCATABLE :: R2DSAV(:,:) ! Saved 2D real array
      |                                  ^~~~~~~~~~~
Warning: 'r2dsav.dim[0].lbound' may be used uninitialized [-Wmaybe-uninitialized]
../combined.f90:16853:34: Warning: 'r2dsav.dim[1].stride' may be used uninitialized [-Wmaybe-uninitialized]
../combined.f90:16853:34: Warning: 'r2dsav.dim[0].ubound' may be used uninitialized [-Wmaybe-uninitialized]
../combined.f90:16853:34: Warning: 'r2dsav.dim[1].lbound' may be used uninitialized [-Wmaybe-uninitialized]
../combined.f90:16854:34:

16854 |     TYPE(QFNTYP), ALLOCATABLE :: QFNSAV(:)   ! Saved QFN
      |                                  ^~~~~~~~~
Warning: 'qfnsav.dim[0].lbound' may be used uninitialized [-Wmaybe-uninitialized]
../combined.f90:16854:34: Warning: 'qfnsav.offset' may be used uninitialized [-Wmaybe-uninitialized]
../combined.f90:16853:34:

16853 |     REAL(R4),     ALLOCATABLE :: R2DSAV(:,:) ! Saved 2D real array
      |                                  ^~~~~~~~~~~
Warning: 'r2dsav.offset' may be used uninitialized [-Wmaybe-uninitialized]
../combined.f90:17768:34:

17768 |     TYPE(CLCTYP), ALLOCATABLE :: CLCSAV(:) ! Saved CLC during reallocation
      |                                  ^~~~~~~~~
Warning: 'clcsav.dim[0].lbound' may be used uninitialized [-Wmaybe-uninitialized]
../combined.f90:17768:34: Warning: 'clcsav.offset' may be used uninitialized [-Wmaybe-uninitialized]
../combined.f90:18071:17:

18071 |     ITWO = ITWO/2
      |                 ^
Warning: 'itwo' may be used uninitialized [-Wmaybe-uninitialized]
../combined.f90:18010:22:

18010 |     INTEGER(I4)   :: ITWO   ! Factors of two for selecting hex bits
      |                      ^~~~
note: 'itwo' was declared here
../combined.f90:18003:22:

18003 |     INTEGER(I4)   :: ICHAR  ! Counter for hex characters within record (1:50)
      |                      ^~~~~
Warning: 'ichar' may be used uninitialized [-Wmaybe-uninitialized]
../combined.f90:18384:29:

18384 |     LOGICAL, ALLOCATABLE :: SETSAV(:,:) ! Saved copy during reallocation
      |                             ^~~~~~~~~~~
Warning: 'setsav.dim[0].lbound' may be used uninitialized [-Wmaybe-uninitialized]
../combined.f90:18384:29: Warning: 'setsav.offset' may be used uninitialized [-Wmaybe-uninitialized]
../combined.f90:18384:29: Warning: 'setsav.dim[1].lbound' may be used uninitialized [-Wmaybe-uninitialized]
../combined.f90:18384:29: Warning: 'setsav.dim[0].ubound' may be used uninitialized [-Wmaybe-uninitialized]
../combined.f90:18384:29: Warning: 'setsav.dim[1].stride' may be used uninitialized [-Wmaybe-uninitialized]
../combined.f90:35091:72:

35091 |       SRC = SRCBFX ( ITAN, IATM, IDIR, WNOFIN, OPT, SRC, PTH(IPTH)%PSI )
      |                                                                        ^
Warning: 'ipth' may be used uninitialized [-Wmaybe-uninitialized]
../combined.f90:35062:20:

35062 |     INTEGER(I4) :: IPTH      ! Path counter
      |                    ^~~~
note: 'ipth' was declared here
../combined.f90:44474:34:

44474 |     TYPE(GASTYP), ALLOCATABLE :: GASSAV(:) ! temporary store of GAS
      |                                  ^~~~~~~~~
Warning: 'gassav.dim[0].lbound' may be used uninitialized [-Wmaybe-uninitialized]
../combined.f90:44474:34: Warning: 'gassav.offset' may be used uninitialized [-Wmaybe-uninitialized]
../combined.f90:45247:24:

45247 |       STRREJ(IGAS) = REJ
      |                        ^
Warning: 'igas' may be used uninitialized [-Wmaybe-uninitialized]
../combined.f90:45184:26:

45184 |     INTEGER(I4)       :: IGAS   ! Index of molecule,isotope in GASCOM
      |                          ^~~~
note: 'igas' was declared here
../combined.f90:45781:6:

45781 |   IF ( LABOVE ) THEN
      |      ^
Warning: 'labove' may be used uninitialized [-Wmaybe-uninitialized]
../combined.f90:45744:20:

45744 |     LOGICAL     :: LABOVE ! T=observer above top of atmosphere
      |                    ^~~~~~
note: 'labove' was declared here
../combined.f90:52451:34:

52451 |     TYPE(VIBTYP), ALLOCATABLE :: VIBSAV(:) ! Saved version of VIB
      |                                  ^~~~~~~~~
Warning: 'vibsav.dim[0].lbound' may be used uninitialized [-Wmaybe-uninitialized]
../combined.f90:52451:34: Warning: 'vibsav.offset' may be used uninitialized [-Wmaybe-uninitialized]
../combined.f90:53278:34:

53278 |     TYPE(XFLTYP), ALLOCATABLE :: XFLSAV(:) ! Saved XFL during reallocation
      |                                  ^~~~~~~~~
Warning: 'xflsav.dim[0].lbound' may be used uninitialized [-Wmaybe-uninitialized]
../combined.f90:53278:34: Warning: 'xflsav.offset' may be used uninitialized [-Wmaybe-uninitialized]
../combined.f90:53277:34:

53277 |     REAL(R4),     ALLOCATABLE :: ABCSAV(:) ! Saved ABCXFL during reallocation
      |                                  ^~~~~~~~~
Warning: 'abcsav.offset' may be used uninitialized [-Wmaybe-uninitialized]
../combined.f90:53277:34: Warning: 'abcsav.dim[0].lbound' may be used uninitialized [-Wmaybe-uninitialized]
[7/8] Compiling Fortran object rfm_py.cpython-313-x86_64-linux-gnu.so.p/rfm_py-f2pywrappers2.f90.o
../rfm_py-f2pywrappers2.f90:11:20:

   11 |                 use hdrcom_dat, only: vidhdr
      |                    1
Warning: Unused module variable 'vidhdr' which has been explicitly imported at (1) [-Wunused-variable]
[8/8] Linking target rfm_py.cpython-313-x86_64-linux-gnu.so
INFO: autodetecting backend as ninja
INFO: calculating backend command to run: /home/k/knizek/miniforge3/envs/my_general/bin/ninja -C /tmp/tmp6o8q8_sy/bbdir
Reading f2cmap from '.f2py_f2cmap' ...
	Mapping "real(kind=r8)" to "double"
	Warning: redefinition of {'double precision':{'':'double'->'double'}}
	Mapping "double precision(kind=)" to "double"
Successfully applied user defined f2cmap changes
Reading fortran codes...
	Reading file '/home/k/knizek/Documents/srfm_main/src/srfm/RFM/rfm_wrapper.pyf' (format:free)
Post-processing...
	Block: rfm_py
			Block: rfm_run
In: /home/k/knizek/Documents/srfm_main/src/srfm/RFM/rfm_wrapper.pyf:rfm_py:unknown_interface:rfm_run
get_useparameters: no module kind_dat info used by rfm_run
In: /home/k/knizek/Documents/srfm_main/src/srfm/RFM/rfm_wrapper.pyf:rfm_py:unknown_interface:rfm_run
get_useparameters: no module flgcom_dat info used by rfm_run
In: /home/k/knizek/Documents/srfm_main/src/srfm/RFM/rfm_wrapper.pyf:rfm_py:unknown_interface:rfm_run
get_useparameters: no module run_id_dat info used by rfm_run
In: /home/k/knizek/Documents/srfm_main/src/srfm/RFM/rfm_wrapper.pyf:rfm_py:unknown_interface:rfm_run
get_useparameters: no module spccom_dat info used by rfm_run
In: /home/k/knizek/Documents/srfm_main/src/srfm/RFM/rfm_wrapper.pyf:rfm_py:unknown_interface:rfm_run
get_useparameters: no module hdrcom_dat info used by rfm_run
In: /home/k/knizek/Documents/srfm_main/src/srfm/RFM/rfm_wrapper.pyf:rfm_py:unknown_interface:rfm_run
get_useparameters: no module rfmlun_dat info used by rfm_run
In: /home/k/knizek/Documents/srfm_main/src/srfm/RFM/rfm_wrapper.pyf:rfm_py:unknown_interface:rfm_run
get_useparameters: no module rfmdal_sub info used by rfm_run
In: /home/k/knizek/Documents/srfm_main/src/srfm/RFM/rfm_wrapper.pyf:rfm_py:unknown_interface:rfm_run
get_useparameters: no module rfmdrv_sub info used by rfm_run
In: /home/k/knizek/Documents/srfm_main/src/srfm/RFM/rfm_wrapper.pyf:rfm_py:unknown_interface:rfm_run
get_useparameters: no module rfmprf_sub info used by rfm_run
In: /home/k/knizek/Documents/srfm_main/src/srfm/RFM/rfm_wrapper.pyf:rfm_py:unknown_interface:rfm_run
get_useparameters: no module rfmpth_sub info used by rfm_run
In: /home/k/knizek/Documents/srfm_main/src/srfm/RFM/rfm_wrapper.pyf:rfm_py:unknown_interface:rfm_run
get_useparameters: no module rfmspc_sub info used by rfm_run
In: /home/k/knizek/Documents/srfm_main/src/srfm/RFM/rfm_wrapper.pyf:rfm_py:unknown_interface:rfm_run
get_useparameters: no module wrtlog_sub info used by rfm_run
			Block: rfm_get_optical_grid_size
In: /home/k/knizek/Documents/srfm_main/src/srfm/RFM/rfm_wrapper.pyf:rfm_py:unknown_interface:rfm_get_optical_grid_size
get_useparameters: no module kind_dat info used by rfm_get_optical_grid_size
In: /home/k/knizek/Documents/srfm_main/src/srfm/RFM/rfm_wrapper.pyf:rfm_py:unknown_interface:rfm_get_optical_grid_size
get_useparameters: no module pyout_sub info used by rfm_get_optical_grid_size
			Block: rfm_get_optical_grid
In: /home/k/knizek/Documents/srfm_main/src/srfm/RFM/rfm_wrapper.pyf:rfm_py:unknown_interface:rfm_get_optical_grid
get_useparameters: no module kind_dat info used by rfm_get_optical_grid
In: /home/k/knizek/Documents/srfm_main/src/srfm/RFM/rfm_wrapper.pyf:rfm_py:unknown_interface:rfm_get_optical_grid
get_useparameters: no module pyout_sub info used by rfm_get_optical_grid
Applying post-processing hooks...
  character_backward_compatibility_hook
Post-processing (stage 2)...
Building modules...
    Building module "rfm_py"...
    Generating possibly empty wrappers"
    Maybe empty "rfm_py-f2pywrappers2.f90"
    Maybe empty "rfm_py-f2pywrappers.f"
		Creating wrapper for Fortran subroutine "rfm_run"("rfm_run")...
        Constructing wrapper function "rfm_run"...
          status = rfm_run([run_id_in,driver_lines,enable_capture])
    Generating possibly empty wrappers"
    Maybe empty "rfm_py-f2pywrappers.f"
        Constructing wrapper function "rfm_get_optical_grid_size"...
          status,n_levels,n_points = rfm_get_optical_grid_size([ispc])
    Generating possibly empty wrappers"
    Maybe empty "rfm_py-f2pywrappers.f"
        Constructing wrapper function "rfm_get_optical_grid"...
          status,altitudes,pressures,temperatures,wavenumbers,cumulative = rfm_get_optical_grid(n_levels,n_points,[ispc])
    Wrote C/API module "rfm_py" to file "./rfm_pymodule.c"
    Fortran 90 wrappers are saved to "./rfm_py-f2pywrappers2.f90"
